---
source: crates/cli/tests/known_packages.rs
expression: "format!(\"{meta:#}\")"
---
{
  "bindings": [
    {
      "interface_name": "wit-pack",
      "wasi": false
    }
  ],
  "commands": [],
  "description": "The WebAssembly interface to wit-pack.",
  "name": "wasmer/wit-pack",
  "version": "0.3.0-beta"
}
