---
source: crates/wasmer-pack/src/js/mod.rs
expression: got.utf8_contents().unwrap()
---
{
  "dependencies": {
    "@wasmer/wasi": "^1.2.2"
  },
  "main": "src/index.js",
  "name": "@wasmer-package/wasmerio__wabt",
  "type": "commonjs",
  "types": "src/index.d.ts",
  "version": "0.0.0"
}
