---
source: crates/testing/src/autodiscover.rs
input_file: examples/hello-wasi/generated_bindings/Python/hello_wasi/__init__.py
---
'''
The simplest possible WASI WebAssembly library.
'''

# Generated by wasmer-pack vX.Y.Z.

from wasmer import Store as _Store # type: ignore
from .bindings import Bindings as _Bindings

__version__ = "x.y.z"

_store = _Store()
bindings = _Bindings(_store)
