---
source: crates/testing/src/autodiscover.rs
input_file: examples/host-imports/generated_bindings/Python/host_imports/__init__.py
---
'''
A WebAssembly library that imports some functions from its host.
'''

# Generated by wasmer-pack vX.Y.Z.

from wasmer import Store as _Store # type: ignore
from .bindings import Bindings as _Bindings

__version__ = "x.y.z"

_store = _Store()
bindings = _Bindings(_store)
