---
source: crates/testing/src/autodiscover.rs
input_file: examples/host-imports/generated_bindings/Python/pyproject.toml
---
[project]
name = "host_imports"
version = "x.y.z"
description = "A WebAssembly library that imports some functions from its host."
keywords = []
dependencies = ["wasmer", "wasmer_compiler_cranelift"]

[build-system]
requires = ["setuptools", "setuptools-scm"]
build-backend = "setuptools.build_meta"

