---
source: crates/testing/src/autodiscover.rs
input_file: crates/wasm/generated_bindings/Python/pyproject.toml
---
[project]
name = "wasmer_pack"
version = "x.y.z"
description = "The WebAssembly interface to wasmer-pack."
keywords = []
dependencies = ["wasmer", "wasmer_compiler_cranelift"]

[build-system]
requires = ["setuptools", "setuptools-scm"]
build-backend = "setuptools.build_meta"

