---
source: crates/testing/src/autodiscover.rs
input_file: crates/wasm/generated_bindings/Python/wasmer_pack/__init__.py
---
'''
The WebAssembly interface to wasmer-pack.
'''

# Generated by wasmer-pack vX.Y.Z.

from wasmer import Store as _Store # type: ignore
from .bindings import Bindings as _Bindings

__version__ = "x.y.z"

_store = _Store()
bindings = _Bindings(_store)
